// Jest Snapshot v1, https://goo.gl/fbAQLP

exports[`should display a form for login stuff 1`] = `
<div>
  <form>
    <fieldset>
      <legend />
      <section>
        <label
          for="email"
        >
          email
        </label>
        <input
          name="email"
          type="text"
          value=""
        />
      </section>
      <section>
        <label
          for="password"
        >
          password
        </label>
        <input
          name="password"
          type="text"
          value=""
        />
      </section>
      <button
        type="submit"
      />
      
    </fieldset>
  </form>
</div>
`;
